<?xml version="1.0" encoding="UTF-8"?>
<testsuites name="jest tests" tests="32" failures="0" errors="0" time="0.214">
  <testsuite name="Content Waterfall Pipeline - Comprehensive Test Suite" errors="0" failures="0" skipped="0" timestamp="2025-07-14T05:19:29" time="0.188" tests="32">
    <testcase classname="Content Waterfall Pipeline - Comprehensive Test Suite › Pipeline Configuration Validation" name="validateWaterfallConfig - valid configuration" time="0.002">
    </testcase>
    <testcase classname="Content Waterfall Pipeline - Comprehensive Test Suite › Pipeline Configuration Validation" name="validateWaterfallConfig - missing source text" time="0.001">
    </testcase>
    <testcase classname="Content Waterfall Pipeline - Comprehensive Test Suite › Pipeline Configuration Validation" name="validateWaterfallConfig - empty source text" time="0">
    </testcase>
    <testcase classname="Content Waterfall Pipeline - Comprehensive Test Suite › Pipeline Configuration Validation" name="validateWaterfallConfig - null source text" time="0">
    </testcase>
    <testcase classname="Content Waterfall Pipeline - Comprehensive Test Suite › Pipeline Configuration Validation" name="validateWaterfallConfig - invalid customFocus type" time="0.001">
    </testcase>
    <testcase classname="Content Waterfall Pipeline - Comprehensive Test Suite › Pipeline Configuration Validation" name="validateWaterfallConfig - empty customFocus is ignored" time="0">
    </testcase>
    <testcase classname="Content Waterfall Pipeline - Comprehensive Test Suite › Pipeline Configuration Validation" name="validateWaterfallConfig - sanitizes special characters" time="0.001">
    </testcase>
    <testcase classname="Content Waterfall Pipeline - Comprehensive Test Suite › Waterfall Agents Configuration" name="contentAnalyzer - generates valid agent configuration" time="0.008">
    </testcase>
    <testcase classname="Content Waterfall Pipeline - Comprehensive Test Suite › Waterfall Agents Configuration" name="linkedinCreator - generates valid configuration" time="0.001">
    </testcase>
    <testcase classname="Content Waterfall Pipeline - Comprehensive Test Suite › Waterfall Agents Configuration" name="reelsGenerator - generates valid configuration" time="0.001">
    </testcase>
    <testcase classname="Content Waterfall Pipeline - Comprehensive Test Suite › Waterfall Agents Configuration" name="agents handle invalid input appropriately" time="0.001">
    </testcase>
    <testcase classname="Content Waterfall Pipeline - Comprehensive Test Suite › File System Integration" name="listWaterfallSourceFiles - finds available input files" time="0.004">
    </testcase>
    <testcase classname="Content Waterfall Pipeline - Comprehensive Test Suite › File System Integration" name="readWaterfallSourceFile - reads file content correctly" time="0.002">
    </testcase>
    <testcase classname="Content Waterfall Pipeline - Comprehensive Test Suite › File System Integration" name="validateWaterfallSourceFile - validates file types and accessibility" time="0.007">
    </testcase>
    <testcase classname="Content Waterfall Pipeline - Comprehensive Test Suite › File System Integration" name="generateWaterfallOutputFiles - creates complete file structure" time="0.005">
    </testcase>
    <testcase classname="Content Waterfall Pipeline - Comprehensive Test Suite › Content Quality Validation" name="mock data structures are valid" time="0.004">
    </testcase>
    <testcase classname="Content Waterfall Pipeline - Comprehensive Test Suite › Performance Tests" name="validation functions execute quickly" time="0.001">
    </testcase>
    <testcase classname="Content Waterfall Pipeline - Comprehensive Test Suite › Performance Tests" name="agent configuration generation is efficient" time="0">
    </testcase>
    <testcase classname="Content Waterfall Pipeline - Comprehensive Test Suite › Performance Tests" name="memory usage remains stable during validation" time="0.001">
    </testcase>
    <testcase classname="Content Waterfall Pipeline - Comprehensive Test Suite › Error Handling and Security" name="handles malformed input gracefully" time="0">
    </testcase>
    <testcase classname="Content Waterfall Pipeline - Comprehensive Test Suite › Error Handling and Security" name="handles empty source text" time="0.001">
    </testcase>
    <testcase classname="Content Waterfall Pipeline - Comprehensive Test Suite › Error Handling and Security" name="sanitizes potentially malicious input" time="0">
    </testcase>
    <testcase classname="Content Waterfall Pipeline - Comprehensive Test Suite › Error Handling and Security" name="validates file paths for security" time="0.001">
    </testcase>
    <testcase classname="Content Waterfall Pipeline - Comprehensive Test Suite › Error Handling and Security" name="prevents directory traversal in file operations" time="0.001">
    </testcase>
    <testcase classname="Content Waterfall Pipeline - Comprehensive Test Suite › Agent Chain Integration" name="data flows correctly between agents" time="0.001">
    </testcase>
    <testcase classname="Content Waterfall Pipeline - Comprehensive Test Suite › Agent Chain Integration" name="agents maintain consistent data structure" time="0.001">
    </testcase>
    <testcase classname="Content Waterfall Pipeline - Comprehensive Test Suite › Regression Tests" name="maintains backward compatibility with existing configurations" time="0.001">
    </testcase>
    <testcase classname="Content Waterfall Pipeline - Comprehensive Test Suite › Regression Tests" name="handles legacy data formats gracefully" time="0">
    </testcase>
    <testcase classname="Content Waterfall Pipeline - Comprehensive Test Suite › Edge Cases" name="handles very short content" time="0.001">
    </testcase>
    <testcase classname="Content Waterfall Pipeline - Comprehensive Test Suite › Edge Cases" name="handles content with only whitespace" time="0">
    </testcase>
    <testcase classname="Content Waterfall Pipeline - Comprehensive Test Suite › Edge Cases" name="handles unicode and special characters" time="0">
    </testcase>
    <testcase classname="Content Waterfall Pipeline - Comprehensive Test Suite › Edge Cases" name="handles extremely long content" time="0.001">
    </testcase>
  </testsuite>
</testsuites>